// Jest Snapshot v1, https://goo.gl/fbAQLP

exports[`Activity Header component snapshot matches snapshot with "default" props 1`] = `
<div
  className="activity-header"
>
  <WebexAvatar
    personID="default"
  />
  <div
    className="activity-author"
  >
    <span>
      Webex Component User
    </span>
    <span
      className="activity-timestamp"
    >
      2019-08-20T21:00:07.047Z P p
    </span>
  </div>
</div>
`;
