// Jest Snapshot v1, https://goo.gl/fbAQLP

exports[`Webex Member component snapshot matches snapshot of webex member 1`] = `
<ContextTransform(ListItem)
  className="wxc-member"
>
  <WebexAvatar
    displayStatus={false}
    personID="default"
  />
  <div
    className="member-name"
  >
    Webex Component User
  </div>
</ContextTransform(ListItem)>
`;
