// Jest Snapshot v1, https://goo.gl/fbAQLP

exports[`Webex InMeeting component snapshot matches snapshot of meeting 1`] = `
<div
  className="wxc-in-meeting"
>
  <WebexRemoteMedia
    className="remote-media-in-meeting"
    meetingID="remoteMedia"
  />
  <WebexLocalMedia
    className="local-media-in-meeting"
    meetingID="remoteMedia"
  />
</div>
`;
